This is the standard behavior where `final val` fields are not initialized and therefore cannot be checkinit'd.

Minimized:

{code}
apm@mara:~$ scalam 
Welcome to Scala version 2.11.0-M4 (OpenJDK 64-Bit Server VM, Java 1.7.0_25).
Type in expressions to have them evaluated.
Type :help for more information.

scala> abstract class Foo { val foo: Int ; def bar: Int = 2 * foo }
defined class Foo

scala> object Baz extends { val something = 1 } with Foo { final val foo = 9 }
defined object Baz

scala> Baz.bar
res0: Int = 18
{code}

but

{code}
apm@mara:~$ scalam -Xcheckinit
Welcome to Scala version 2.11.0-M4 (OpenJDK 64-Bit Server VM, Java 1.7.0_25).
Type in expressions to have them evaluated.
Type :help for more information.

scala> abstract class Foo { val foo: Int ; def bar: Int = 2 * foo }
defined class Foo

scala> object Baz extends Foo { final val foo = 9 }
defined object Baz

scala> Baz.bar
scala.UninitializedFieldError: Uninitialized field: <console>: 8
	at Baz$.foo(<console>:8)
	at Foo.bar(<console>:7)

{code}
