Is this fix in 2.7.3.final?
```scala
Welcome to Scala version 2.7.3.final (Java HotSpot(TM) Client VM, Java 1.5.0_16).
Type in expressions to have them evaluated.
Type :help for more information.

scala> import scala.util.parsing.combinator._
import scala.util.parsing.combinator._

scala> 

scala> trait MyParser extends RegexParsers {
     |   override val whiteSpace = """\s+""".r
     |   protected def parse = phrase(error("eg"))
     | }
defined trait MyParser

scala> object Main extends MyParser {
     |   def main(args: Array[String]): Unit = {
     |     println(parse)
     |   }
     | }
defined module Main

scala> Main.main(Array())
java.lang.ClassFormatError: Repetitive method name/signature in class file Main$$
	at java.lang.ClassLoader.defineClass1(Native Method)
	at java.lang.ClassLoader.defineClass(ClassLoader.java:675)
	at java.lang.ClassLoader.defineClass(ClassLoader.java:520)
	at scala.tools.nsc.interpreter.AbstractFileClassLoader.findClass(AbstractFileClassLoader.scala:30)
	at java.lang.ClassLoader.loadCl...
scala>
```
