{code}
apm@mara:~/tmp/t9689$ scalac211 bug.scala
apm@mara:~/tmp/t9689$ scala211
Welcome to Scala 2.11.8 (Java HotSpot(TM) 64-Bit Server VM, Java 1.8.0_111).
Type in expressions for evaluation. Or try :help.

scala> import bug._
import bug._

scala> import Wrap._
import Wrap._

scala> object Bar extends Foo
defined object Bar

scala> Bar.foo
java.lang.AbstractMethodError: Bar$.foo()V
  ... 32 elided

scala> :quit
apm@mara:~/tmp/t9689$ rm -rf bug
apm@mara:~/tmp/t9689$ scalac bug.scala
apm@mara:~/tmp/t9689$ scala
Welcome to Scala 2.12.0 (Java HotSpot(TM) 64-Bit Server VM, Java 1.8.0_111).
Type in expressions for evaluation. Or try :help.

scala> import bug._
import bug._

scala> import Wrap._
import Wrap._

scala> object Bar extends Foo
defined object Bar

scala> Bar.foo

scala> :quit
{code}
