The following command line session shows that
 {{ (5: Byte) + "a" }}
and
 {{ (5: Short) + "a" }}
compile ok but throw a !NoSuchMethodError at runtime.  There are no problems with Int or Long or when the string comes first.

I would expect no error at runtime.

{code}
Welcome to Scala version 2.7.0-final (Java HotSpot(TM) Client VM, Java 1.6.0_03).
Type in expressions to have them evaluated.
Type :help for more information.

scala> (5: Long) + "a"
res0: java.lang.String = 5a

scala> (5: Int) + "a"
res1: java.lang.String = 5a

scala> (5: Short) + "a"
java.lang.NoSuchMethodError: java.lang.StringBuilder.append(S)Ljava/lang/StringBuilder;
        at .<init>(<console>:5)
        at .<clinit>(<console>)
        at RequestResult$$.<init>(<console>:3)
        at RequestResult$$.<clinit>(<console>)
        at RequestResult$$result(<console>)
        at sun.reflect.NativeMethodAccessorImpl.invoke0(Native Method)
        at sun.reflect.NativeMethodAccessorImpl.invoke(NativeMethodAccessorImp...
scala> (5: Byte) + "a"
java.lang.NoSuchMethodError: java.lang.StringBuilder.append(B)Ljava/lang/StringBuilder;
        at .<init>(<console>:5)
        at .<clinit>(<console>)
        at RequestResult$$.<init>(<console>:3)
        at RequestResult$$.<clinit>(<console>)
        at RequestResult$$result(<console>)
        at sun.reflect.NativeMethodAccessorImpl.invoke0(Native Method)
        at sun.reflect.NativeMethodAccessorImpl.invoke(NativeMethodAccessorImp...
scala> "a" + (5: Byte)
res4: java.lang.String = a5

{code}
