When used as identifiers, Boolean literals true and false are treated differently from other reserved words by both compiler and interpreter.
```scala
scala> var object = "" // Expected behaviour
<console>:1: error: illegal start of simple pattern
       var object = ""
           ^

scala> var true = ""
<console>:4: error: type mismatch;
 found   : Boolean(true)
 required: java.lang.String @unchecked
       var true = ""
           ^

scala> var true = true

scala> var true = false // Compiles, run-time error
scala.MatchError: false
	at .<init>(<console>:4)
	at .<clinit>(<console>)
	at RequestResult$$.<init>(<console>:4)
	at RequestResult$$.<clinit>(<console>)
	at RequestResult$$scala_repl_result(<console>)
	at sun.reflect.NativeMethodAccessorImpl.invoke0(Native Method)
	at sun.reflect.NativeMethodAccessorImpl.invoke(NativeMethodAccessorImpl.java:39)
	at sun.reflect.DelegatingMethodAccessorImpl.invoke(DelegatingMethodAccessorImpl.java:25)
	at java.lang.reflect.Method.invoke(Method.java:597)
	at scala.tools.nsc.Interpreter$$Request$$$$anonfun$$loadAndRun$$1$$$$anonfun$$apply$$13.apply(Interpreter.scala:827)
	at scala.tools.nsc.Interpreter$$Request$$$$anonfun$$loadAndRun$$1$$$$anonfun$$apply$$13.apply(Interpreter.scala:827)
	at scala.util.control.Exception$$Catch.apply(Exception.scala:79)
	at scala.tools.nsc.Interpreter$$Request$$$$anonfun$$loadAndRun$$1.apply(Interpreter.scala:826)
	at scala.tools.nsc.Interpreter$$Request$$$$anonfun$$loadAndRun$$1.apply(Interpreter.scala:826)
	at scala.util.control.Exception$$Catch.apply(Exception.scala:79)
	at scala.tools.nsc.Interpreter$$Request.loadAndRun(Interpreter.scala:825)
	at scala.tools.nsc.Interpreter.interpret(Interpreter.scala:467)
	at scala.tools.nsc.InterpreterLoop.interpretStartingWith(InterpreterLoop.scala:391)
	at scala.tools.nsc.InterpreterLoop.command(InterpreterLoop.scala:367)
	at scala.tools.nsc.InterpreterLoop.processLine$$1(InterpreterLoop.scala:249)
	at scala.tools.nsc.InterpreterLoop.repl(InterpreterLoop.scala:267)
	at scala.tools.nsc.InterpreterLoop.main(InterpreterLoop.scala:439)
	at scala.tools.nsc.MainGenericRunner$$.createLoop$$1(MainGenericRunner.scala:118)
	at scala.tools.nsc.MainGenericRunner$$.main(MainGenericRunner.scala:143)
	at scala.tools.nsc.MainGenericRunner.main(MainGenericRunner.scala)

scala> 
```

Version: 2.7.7.final, 2.8.0.r20585-b20100119020434
