Hi,

This code crash the compiler
```scala
Welcome to Scala version 2.8.0.r21113-b20100309020141 (Java HotSpot(TM) 64-Bit Server VM, Java 1.6.0_17).
Type in expressions to have them evaluated.
Type :help for more information.

scala> System.out.printf("%d%n", (1: Integer) :: "s1" :: "s2" :: Nil : _*)
```

with the exception:
```scala
Exception in thread "main" scala.tools.nsc.symtab.Types$$TypeError: cannot find class manifest for element type java.lang.Comparable[_ >: java.lang.String with java.lang.Integer <: java.lang.Comparable[_ >: java.lang.String with java.lang.Integer <: java.io.Serializable] with java.io.Serializable] with java.io.Serializable
```

The full text of the error messages is attached.

I guess the problem is that scala is doing the wrong thing resolving the type of the list.
```scala
scala> (1: Integer) :: "s1" :: "s2" :: Nil
res1: List[java.lang.Comparable[_ >: java.lang.String with java.lang.Integer <: java.lang.Comparable[_ >: java.lang.String with java.lang.Integer <: java.io.Serializable] with java.io.Serializable] with java.io.Serializable] = List(1, s1, s2)

scala> 1 :: "s1" :: "s2" :: Nil           
res2: List[Any] = List(1, s1, s2)
```

If I assign the list to a val with type List[!AnyRef] it works ok
```scala
scala> val l: List[AnyRef] = (1: Integer) :: "s1" :: "s2" :: Nil          
l: List[AnyRef] = List(1, s1, s2)

scala> System.out.printf("%d%n", l : _*)                                  
1
res3: java.io.PrintStream = java.io.PrintStream@16ff6348
```

Regards,[[BR]]
Germï¿½n

