{code}
Welcome to Scala version 2.8.0.r21340-b20100406020117 (Java HotSpot(TM) 64-Bit Server VM, Java 1.6.0_15).
Type in expressions to have them evaluated.
Type :help for more information.

scala> import scala.swing._
import scala.swing._

scala> import javax.swing._
import javax.swing._

scala> val lv = new ListView(List("a", "b").map(new JCheckBox(_, true)))
lv: scala.swing.ListView[javax.swing.JCheckBox] = scala.swing wrapper javax.swing.JList[,0,0,0x0,invalid,alignmentX=0.0,alignmentY=0.0,border=,flags=50331944,maximumSize=,minimumSize=,preferredSize=,fixedCellHeight=-1,fixedCellWidth=-1,horizontalScrollIncrement=-1,selectionBackground=javax.swing.plaf.ColorUIResource[r=184,g=207,b=229],selectionForeground=sun.swing.PrintColorUIResource[r=51,g=51,b=51],visibleRowCount=8,layoutOrientation=0]

scala> lv.listData
java.lang.StackOverflowError
	at scala.swing.ListView$$$$anon$$1$$$$anon$$3.hasNext(ListView.scala:165)
	at scala.collection.Iterator$$class.foreach(Iterator.scala:624)
	at scala.swing.ListView$$$$anon$$1$$$$anon$$3.foreach(ListView.scala:162)
	at scala.collection.TraversableOnce$$class.size(TraversableOnce.scala:94)
	at scala.swing.ListView$$$$anon$$1$$$$anon$$3.size(ListView.scala:162)
	at scala.collection.Iterator$$class.length(Iterator.scala:907)
	at scala.swing.ListView$$$$anon$$1$$$$anon$$3.hasNext(ListView.scala:165)
	at scala.collection.Iterator$$class.foreach(Iterator.scala:624)
	at scala.swing.ListView$$$$anon$$1$$$$anon$$3.foreach(ListView.scala:162)
	at scala.collection.TraversableOnce$$class.size(TraversableOnce.scala:94)
	at scala.swing.ListView$$$$anon$$1$$$$anon$$3.size(ListView.scala:162)
	at scala.collection....
scala> 
{code}

I've tested the attached patch; it seems to fix the problem.
