this regression happened between the May 5 and the May 6 nightlies.

May 5:
```scala
Welcome to Scala version 2.8.0.r21803-b20100505020119 (Java HotSpot(TM) 64-Bit Server VM, Java 1.6.0_11).

scala> import scala.reflect.BeanProperty     
import scala.reflect.BeanProperty

scala> class X(@BeanProperty var x: String)
defined class X

scala> new X("foo").setX("bar")

scala>
```

May 6:
```scala
Welcome to Scala version 2.8.0.r21821-b20100506020142 (Java HotSpot(TM) 64-Bit Server VM, Java 1.6.0_19).

scala> import scala.reflect.BeanProperty
import scala.reflect.BeanProperty

scala> class X(@BeanProperty var x: String)
defined class X

scala> new X("foo").setX("bar")
java.lang.NoSuchMethodError: X.setX(Ljava/lang/String;)V
	at .<init>(<console>:8)
	at .<clinit>(<console>)
	at RequestResult$$.<init>(<console>:9)
	at RequestResult$$.<clinit>(<console>)
	at RequestResult$$scala_repl_result(<console>)
	at sun.reflect.NativeMethodAccessorImpl.invoke0(Native Method)
	at sun.reflect.NativeMethodAccessorImpl.invoke(NativeMethodAccessorImpl.java:39)
	at sun.reflect.DelegatingMethodAccessorImpl.invoke(DelegatingMethodAccessorImpl.java:25)
	at java.lang.reflect.Method.invoke(Method.java:597)
	at scala.tools.nsc.Interpreter$$Request$$$$anonfun$$loadAndRun$$1$$$$anonfun$$apply$$18.apply(Interpreter.scala:984)
	at scala.tools.nsc.Interpreter$$Request$$$$anonfun$$loadAndRun$$1$$$$anonfun$$apply$$18.apply(Interpreter.scala:984)
	at scala.util.control.Exception$$Catch.apply(Exception.sca...
```
