When trying to run scalac with target:msil I get the following exception:
```scala
PS C:\Scala-playground\hello.net> ..\scala-2.8.0.final\bin\scalac.bat -target:msil -Xassem-extdirs ..\scala-2.8.0.final\lib .\test.scala
scala.tools.nsc.MissingRequirementError: class scala.runtime.VolatileBooleanRef not found.
        at scala.tools.nsc.symtab.Definitions$$definitions$$.getModuleOrClass(Definitions.scala:513)
        at scala.tools.nsc.symtab.Definitions$$definitions$$.getClass(Definitions.scala:471)
        at scala.tools.nsc.symtab.Definitions$$definitions$$.newValueClass(Definitions.scala:620)
        at scala.tools.nsc.symtab.Definitions$$definitions$$.BooleanClass(Definitions.scala:92)
        at scala.tools.nsc.symtab.Definitions$$definitions$$.initValueClasses(Definitions.scala:643)
        at scala.tools.nsc.symtab.Definitions$$definitions$$.init(Definitions.scala:787)
        at scala.tools.nsc.Global$$Run.(Global.scala:597)
        at scala.tools.nsc.Main$$.process(Main.scala:107)
        at scala.tools.nsc.Main$$.main(Main.scala:122)
        at scala.tools.nsc.Main.main(Main.scala)
error: fatal error: class scala.runtime.VolatileBooleanRef not found.
```

I have tried against mscorlib.dll versions 4.0, 2.0 and 1.1. All give the same error.


Below follow a full desription of what I did:

I started by downloading Scala 2.8.0-final as a zip file (), and unpacking it to my scala playground directory. That gave me:
```scala
PS C:\Scala-playground\scala-2.8.0.final> tree
Folder PATH listing for volume OSDisk
Volume serial number is 00690066 6A5B:A532
C:.
+---bin
+---doc
�   +---sbaz
�   +---sbaz-setup
+---lib
+---meta
�   +---cache
+---misc
�   +---sbaz
�   �   +---config
�   �   +---descriptors
�   +---sbaz-testall
�   �   +---tests
�   +---scala-devel
�   �   +---plugins
�   +---scala-tool-support
�       +---a2ps
�       +---bash-completion
�       +---bluefish
�       +---context
�       �   +---Highlighters
�       �   +---Template
�       +---emacs
�       �   +---contrib
�       +---enscript
�       +---geshi
�       +---intellij
�       +---jedit
�       �   +---console
�       �   �   +---commando
�       �   +---modes
�       +---latex
�       +---notepad-plus
�       +---scite
�       +---subethaedit
�       �   +---artwork
�       �   +---Scala.mode
�       �       +---Contents
�       �           +---Resources
�       �               +---English.lproj
�       �               +---Scripts
�       +---textmate
�       �   +---Bundles
�       +---textpad
�       +---textwrangler
�       +---ultraedit
�       +---vim
�           +---ftdetect
�           +---indent
�           +---plugin
�           +---syntax
+---src
```
I then went on to install the Scala msil extension (i.e. the scala .NET compiler and runtime) as follows:
```scala
PS C:\Scala-playground\scala-2.8.0.final> bin/sbaz.bat install scala-msil
```
Then, following the "official" instructions on running scala on .NET (http://www.scala-lang.org/node/168), I copied mscorlib.dll to the scala lib folder:
```scala
PS C:\Scala-playground\scala-2.8.0.final> copy C:\Windows\Microsoft.NET\Framework\v4.0.30319\mscorlib.dll .\lib
```
I was now ready to try to compile something. E.g. this very simple hello world program using a little bit of .NET, namely 
```scala
Console.WriteLine:

import System.Console

object test extends Application {
  Console.WriteLine("Hello world!")
}
```
I tried to compile it like this:
```scala
PS C:\Scala-playground\hello.net> ..\scala-2.8.0.final\bin\scalac.bat -target:msil .\test.scala

but got this error:
scala.tools.nsc.MissingRequirementError: class scala.runtime.VolatileBooleanRef not found.
        at scala.tools.nsc.symtab.Definitions$$definitions$$.getModuleOrClass(Definitions.scala:513)
        at scala.tools.nsc.symtab.Definitions$$definitions$$.getClass(Definitions.scala:471)
        at scala.tools.nsc.symtab.Definitions$$definitions$$.newValueClass(Definitions.scala:620)
        at scala.tools.nsc.symtab.Definitions$$definitions$$.BooleanClass(Definitions.scala:92)
        at scala.tools.nsc.symtab.Definitions$$definitions$$.initValueClasses(Definitions.scala:643)
        at scala.tools.nsc.symtab.Definitions$$definitions$$.init(Definitions.scala:787)
        at scala.tools.nsc.Global$$Run.(Global.scala:597)
        at scala.tools.nsc.Main$$.process(Main.scala:107)
        at scala.tools.nsc.Main$$.main(Main.scala:122)
        at scala.tools.nsc.Main.main(Main.scala)
error: fatal error: class scala.runtime.VolatileBooleanRef not found.
```
I tried like this to point out where mscorlib and the scala runtime dlls are:
```scala
PS C:\Scala-playground\hello.net> ..\scala-2.8.0.final\bin\scalac.bat -target:msil -Xassem-extdirs ..\scala-2.8.0.final\lib .\test.scala
scala.tools.nsc.MissingRequirementError: class scala.runtime.VolatileBooleanRef not found.
        at scala.tools.nsc.symtab.Definitions$$definitions$$.getModuleOrClass(Definitions.scala:513)
        at scala.tools.nsc.symtab.Definitions$$definitions$$.getClass(Definitions.scala:471)
        at scala.tools.nsc.symtab.Definitions$$definitions$$.newValueClass(Definitions.scala:620)
        at scala.tools.nsc.symtab.Definitions$$definitions$$.BooleanClass(Definitions.scala:92)
        at scala.tools.nsc.symtab.Definitions$$definitions$$.initValueClasses(Definitions.scala:643)
        at scala.tools.nsc.symtab.Definitions$$definitions$$.init(Definitions.scala:787)
        at scala.tools.nsc.Global$$Run.(Global.scala:597)
        at scala.tools.nsc.Main$$.process(Main.scala:107)
        at scala.tools.nsc.Main$$.main(Main.scala:122)
        at scala.tools.nsc.Main.main(Main.scala)
error: fatal error: class scala.runtime.VolatileBooleanRef not found.
```
..same error.
