If you map over the elements of a Map that has its default set through withDefaultValue or withDefault, the default is lost.

What steps will reproduce the problem?
{code}
scala> val map = Map('a' -> 1, 'b' -> 2).withDefaultValue(0)
map: scala.collection.immutable.Map[Char,Int] = Map((a,1), (b,2))

scala> map('c')
res4: Int = 0

scala> val map2 = map.map(e => e)
map2: scala.collection.immutable.Map[Char,Int] = Map((a,1), (b,2))

scala> map2('c')
{code} 

What is the expected behavior?
{code}
scala> map2('c')
res4: Int = 0
{code}

What do you see instead?
{code}
scala> map2('c')
java.util.NoSuchElementException: key not found: c
	at scala.collection.MapLike$$class.default(MapLike.scala:223)
	at scala.collection.immutable.Map$$Map2.default(Map.scala:110)
	at scala.collection.MapLike$$class.apply(MapLike.scala:134)
	at scala.collection.immutable.Map$$Map2.apply(Map.scala:110)
	at .<init>(<console>:8)
	at .<clinit>(<console>)
	at RequestResult$$.<init>(<console>:9)
	at RequestResult$$.<clinit>(<console>)
	at RequestResult$$scala_repl_result(<console>)
	at sun.reflect.NativeMethodAccessorImpl.invoke0(Native Method)
	at sun.reflect.NativeMethodAccessorImpl.invoke(NativeMethodAccessorImpl.java:39)
	at sun.reflect.DelegatingMethodAccessorImpl.invoke(DelegatingMethodAccessorImpl.java:25)
	at java.lang.reflect.Method.invoke(Method.java:597)
	at scala.tools.nsc.Interpreter$$Requ...
{code}

What versions of the following are you using?

Scala: 2.8.1.final

Java: 1.6.0_22

Operating system: Mac OS X 10.6.5
