I'm a bit embarrassed to report it, but here goes.
```scala
$ rm lowercaseclass/*.class

apm@halyard ~/tmp
$ cat lowercaseclass.scala

package lowercaseclass

class CaseSensitive {
  def f = "hello, world"
}

object casesensitive {
  def g = "goodbye, cruel world"
}

object Test {
  def main(args: Array[String]) {
    val sut = new CaseSensitive
    println(sut.f)
  }
}

apm@halyard ~/tmp
$ spalac lowercaseclass.scala

apm@halyard ~/tmp
$ ls -lt lowercaseclass
total 10
-rwxr-xr-x 1 apm Administrators 433 May 23 14:19 casesensitive$.class
-rwxr-xr-x 1 apm Administrators 587 May 23 14:19 CaseSensitive.class
-rwxr-xr-x 1 apm Administrators 723 May 23 14:19 Test$.class
-rwxr-xr-x 1 apm Administrators 637 May 23 14:19 Test.class

apm@halyard ~/tmp
$ spala lowercaseclass.Test
java.lang.NoClassDefFoundError: lowercaseclass/CaseSensitive (wrong name: lowercaseclass/casesensitive)
        at java.lang.ClassLoader.defineClass1(Native Method)
        at java.lang.ClassLoader.defineClassCond(ClassLoader.java:632)
        at java.lang.ClassLoader.defineClass(ClassLoader.java:616)
        at java.security.SecureClassLoader.defineClass(SecureClassLoader.java:141)
        at java.net.URLClassLoader.defineClass(URLClassLoader.java:283)
        at java.net.URLClassLoader.access$000(URLClassLoader.java:58)
        at java.net.URLClassLoader$1.run(URLClassLoader.java:197)
        at java.security.AccessController.doPrivileged(Native Method)
        at java.net.URLClassLoader.findClass(URLClassLoader.java:190)
        at java.lang.ClassLoader.loadClass(ClassLoader.java:307)
        at java.lang.ClassLoader.loadClass(ClassLoader.java:248)
        at lowercaseclass.Test$.main(lowercaseclass.scala:14)
        at lowercaseclass.Test.main(lowercaseclass.scala)
```
- Yes, I'm working on a Windows box.

- Why don't you dual-boot Linux, if you still need Windows for testing?

- The box already is dual-boot. I should have just said that I rebooted into Windows 7 just to make sure it was OK to have an object in lowercase with a non-companion class in CamelCase.

- Next time just call it class case_insensitive.

- For the record, it happened while testing the examples in the standard distro.

