the below match crashes the compiler
it should generate an error instead
```scala
Welcome to Scala version 2.10.0-M4 (Java HotSpot(TM) 64-Bit Server VM, Java 1.6.0_31).
Type in expressions to have them evaluated.
Type :help for more information.

scala> trait LogLevelType
defined trait LogLevelType

scala> type LogLevel = Int with LogLevelType
defined type alias LogLevel

scala> final val ErrorLevel = 1.asInstanceOf[Int with LogLevelType]
ErrorLevel: Int with LogLevelType = 1

scala>   final val WarningLevel = 2.asInstanceOf[Int with LogLevelType]
WarningLevel: Int with LogLevelType = 2

scala> def classFor(level: LogLevel): Unit = level match {
     |   case ErrorLevel => ()
     |   case WarningLevel => ()
     | }
```
