Given:

{code}
scala> val cm = reflect.runtime.currentMirror
cm: reflect.runtime.universe.Mirror = JavaMirror with scala.tools.nsc.interpreter.IMain$TranslatingClassLoader@569083c1 of type class scala.tools.nsc.interpreter.IMain$TranslatingClassLoader with classpath [(memory)] and parent being scala.tools.nsc.util.ScalaClassLoader$URLClassLoader@29ba204d of type class scala.tools.nsc.util.ScalaClassLoader$URLClassLoader with classpath [file:/Library/Java/JavaVirtualMachines/1.6.0_37-b06-434.jdk/Contents/Classes/classes.jar,file:/Library/Java/JavaVirtualMachines/1.6.0_37-b06-434.jdk/Contents/Classes/ui.jar,file:/Library/Java/JavaVirtualMachines/1.6.0_37-b06-434.jdk/Contents/Classes/jsse.jar,file:/Library/Java/JavaVirtualMachines/1.6.0_37-b06-434.jdk/Contents/Classes/jce.jar,file:/Library/Java/JavaVirtualMachines/1.6.0_37-b06-434.jdk/Contents/Class...
scala> import scala.tools.reflect.ToolBox
import scala.tools.reflect.ToolBox

scala> val tb = cm.mkToolBox()
tb: scala.tools.reflect.ToolBox[reflect.runtime.universe.type] = scala.tools.reflect.ToolBoxFactory$ToolBoxImpl@7f5d84e0
{code}

This works:
{code}
scala> val tree = cm.universe.reify { { case 0 => 0 }: Function[Int, Int] }.tree
tree: cm.universe.Tree = 
(((x0$1) => x0$1 match {
  case 0 => 0
}): Function[Int, Int])

scala> tb.compile(tree)
res17: () => Any = <function0>
{code}

But this doesn't:

{code}
scala> val tree = cm.universe.reify { { case 0 => 0 }: PartialFunction[Int, Int] }.tree
tree: cm.universe.Tree = 
({
  final <synthetic> class $anonfun extends  {
    def <init>() = {
      super.<init>();
      ()
    };
    final override def applyOrElse[A1, B1](x$1, default) = x$1: @unchecked match {
      case 0 => 0
    };
    final def isDefinedAt(x$1) = x$1: @unchecked match {
      case 0 => true
    }
  };
  new <type ?>()
}: PartialFunction[Int, Int])
       

scala> 
       tb.compile(tree)
scala.tools.reflect.ToolBoxError: reflective compilation has failed: 

missing parameter type
class Any is abstract; cannot be instantiated
	at scala.tools.reflect.ToolBoxFactory$ToolBoxImpl$ToolBoxGlobal.throwIfErrors(ToolBoxFactory.scala:318)
	at scala.tools.reflect.ToolBoxFactory$ToolBoxImpl$ToolBoxGlobal.compile(ToolBoxFactory.scala:251)
	at scala.tools.reflect.ToolBoxFactory$ToolBoxImpl.compile(ToolBoxFactory.scala:415)
	at .<init>(<console>:12)
	at .<clinit>(<console>)
	at .<init>(<console>:7)
	at .<clinit>(<console>)
	at $print(<console>)
{code}
