{code}
Welcome to Scala version 2.11.0-20130215-090010-c36304019a (Java HotSpot(TM) 64-Bit Server VM, Java 1.6.0_37).
Type in expressions to have them evaluated.
Type :help for more information.

scala> import language.experimental.macros
import language.experimental.macros

scala> import scala.reflect.macros.Context
import scala.reflect.macros.Context

scala> :pas
// Entering paste mode (ctrl-D to finish)

def tm1Impl(c: Context) = {
  import c.universe._
  val Template(parents, self, defs) = c.enclosingTemplate
  c.echo(NoPosition, "TM1 evaluated")
  Template(
    parents.filter(t => !t.equalsStructure(tq"TM1")),
    self, defs :+ q"def f: Int = 42")
}

// Exiting paste mode, now interpreting.

tm1Impl: (c: scala.reflect.macros.Context)c.universe.Template

scala> type TM1 = macro tm1Impl
defined type macro TM1

scala> trait A extends TM1
TM1 evaluated
defined trait A

scala> (new A {}).f
java.lang.AbstractMethodError: $anon$1.f()I
	at .<init>(<console>:14)
	at .<clinit>(<console>)
	at .<init>(<console>:7)
	at .<clinit>(<console>)
	at $print(<console>)
	at sun.reflect.NativeMethodAccessorImpl.invoke0(Native Method)
	at sun.reflect.NativeMethodAccessorImpl.invoke(NativeMethodAccessorImpl.java:39)
	at sun.reflect.DelegatingMethodAccessorImpl.invoke(DelegatingMethodAccessorImpl.java:25)
	at java.lang.reflect.Method.invoke(Method.java:597)
	at scala.tools.nsc.interpreter.IMain$ReadEvalPrint.call(IMain.scala:689)
	at scala.tools.nsc.interpreter.IMain$Request.loadAndRun(IMain.scala:895)
	at scala.tools.nsc.interpreter.IMain.loadAndRunReq$1(IMain.scala:543)
	at scala.tools.nsc.interpreter.IMain.interpret(IMain.scala:574)
	at scala.tools.nsc.interpreter.IMain.interpret(IMain.scala:538)
	at scala.tools.nsc.interpreter.ILoop.reallyInterpret$1(ILoop.scala:567)
	at scala.tools.nsc.interpreter.ILoop.interpretStartingWith(ILoop.scala:612)
	at scala.tools.nsc.interpreter.ILoop.command(ILoop.scala:524)
	at scala.tools.nsc.interpreter.ILoop.processLine(ILoop.scala:380)
	at scala.tools.nsc.interpreter.ILoop.loop(ILoop.scala:397)
	at scala.tools.nsc.interpreter.ILoop$$anonfun$process$1.apply$mcZ$sp(ILoop.scala:680)
	at scala.tools.nsc.interpreter.ILoop$$anonfun$process$1.apply(ILoop.scala:666)
	at scala.tools.nsc.interpreter.ILoop$$anonfun$process$1.apply(ILoop.scala:666)
	at scala.tools.nsc.util.ScalaClassLoader$.savingContextLoader(ScalaClassLoader.scala:95)
	at scala.tools.nsc.interpreter.ILoop.process(ILoop.scala:666)
	at scala.tools.nsc.interpreter.ILoop.main(ILoop.scala:688)
	at xsbt.ConsoleInterface.run(ConsoleInterface.scala:57)
	at sun.reflect.NativeMethodAccessorImpl.invoke0(Native Method)
	at sun.reflect.NativeMethodAccessorImpl.invoke(NativeMethodAccessorImpl.java:39)
	at sun.reflect.DelegatingMethodAccessorImpl.invoke(DelegatingMethodAccessorImpl.java:25)
	at java.lang.reflect.Method.invoke(Method.java:597)
	at sbt.compiler.AnalyzingCompiler.call(AnalyzingCompiler.scala:73)
	at sbt.compiler.AnalyzingCompiler.console(AnalyzingCompiler.scala:64)
	at sbt.Console.console0$1(Console.scala:23)
	at sbt.Console$$anonfun$apply$2$$anonfun$apply$1.apply$mcV$sp(Console.scala:24)
	at sbt.TrapExit$.executeMain$1(TrapExit.scala:33)
	at sbt.TrapExit$$anon$1.run(TrapExit.scala:42)

{code}
