When I define type macros `TM1`, `TM2`, where `TM1` expands to `AnyRef` and `TM2` expands to `TM1`, I get a `NullPointerException` when my class extends `TM2`.
See the REPL session below.

This doesn't happen if I make `TM2` expand to itself. In that case, there is a `StackOverflowException`, as one would expect.
```
Welcome to Scala version 2.11.0-20130322-102202-0acf87844e (OpenJDK 64-Bit Server VM, Java 1.7.0_15).
Type in expressions to have them evaluated.
Type :help for more information.

scala> :paste
// Entering paste mode (ctrl-D to finish)

import scala.reflect.macros.Context
import language.experimental.macros

object Macros {
  def impl(c: Context) = {
    import c.universe._
    val Template(parents, self, defs) = c.enclosingTemplate
    val parents1 = parents map {
      case Ident(TypeName("TM2")) =>
        Ident(TypeName("TM1"))
      case Ident(TypeName("TM1")) =>
        Ident(TypeName("AnyRef"))
      case p =>
        p
    }
    Template(parents1, self, defs)
  }

  type TM1 = macro impl
  type TM2 = macro impl
}

// Exiting paste mode, now interpreting.

import scala.reflect.macros.Context
import language.experimental.macros
defined object Macros

scala> import Macros._
import Macros._

scala> class A extends TM1
defined class A

scala> class B extends TM2
error: 
     while compiling: <console>
        during phase: typer
     library version: version 2.11.0-20130322-102202-0acf87844e
    compiler version: version 2.11.0-20130322-102202-0acf87844e
  reconstructed args: -bootclasspath /usr/lib/jvm/java-7-openjdk-amd64/jre/lib/resources.jar:/usr/lib/jvm/java-7-openjdk-amd64/jre/lib/rt.jar:/usr/lib/jvm/java-7-openjdk-amd64/jre/lib/sunrsasign.jar:/usr/lib/jvm/java-7-openjdk-amd64/jre/lib/jsse.jar:/usr/lib/jvm/java-7-openjdk-amd64/jre/lib/jce.jar:/usr/lib/jvm/java-7-openjdk-amd64/jre/lib/charsets.jar:/usr/lib/jvm/java-7-openjdk-amd64/jre/lib/netx.jar:/usr/lib/jvm/java-7-openjdk-amd64/jre/lib/plugin.jar:/usr/lib/jvm/java-7-openjdk-amd64/jre/lib/rhino.jar:/usr/lib/jvm/java-7-openjdk-amd64/jre/lib/jfr.jar:/usr/lib/jvm/java-7-openjdk-amd64/jre/classes:/home/tomas/.sbt/boot/org.scala-lang.macro-paradise.scala-2.11.0-SNAPSHOT/lib/scala-library.jar -classpath /home/tomas/test/lifter/core/target/scala-2.11/classes:/home/tomas/test/lifter/macros/target/scala-2.11/classes:/home/tomas/.ivy2/cache/org.scala-lang.macro-paradise/scala-reflect/jars/scala-reflect-2.11.0-SNAPSHOT.jar:/home/tomas/.sbt/boot/org.scala-lang.macro-paradise.scala-2.11.0-SNAPSHOT/lib/scala-compiler.jar:/home/tomas/.sbt/boot/org.scala-lang.macro-paradise.scala-2.11.0-SNAPSHOT/lib/scala-reflect.jar:/home/tomas/.sbt/boot/org.scala-lang.macro-paradise.scala-2.11.0-SNAPSHOT/lib/jansi.jar:/home/tomas/.sbt/boot/org.scala-lang.macro-paradise.scala-2.11.0-SNAPSHOT/lib/jline.jar -Yrepl-sync

  last tree to typer: Ident(AnyRef)
              symbol: <none> (flags: )
   symbol definition: <none>
       symbol owners: 
      context owners: class B -> object $iw -> object $iw -> object $iw -> object $iw -> object $read -> package $line12

== Enclosing template or block ==

Template( // val <local B>: <notype> in class B
  "TM1" // parents
  ValDef(
    private
    "_"
    <tpt>
    <empty>
  )
  DefDef( // def <init>: <?> in class B
    <method>
    "<init>"
    []
    List(Nil)
    <tpt>
    Block(
      Apply(
        super."<init>"
        Nil
      )
      ()
    )
  )
)

uncaught exception during compilation: NullPointerException @ scala.tools.nsc.typechecker.Typers$Typer.validateParentClasses(Typers.scala:1763)
java.lang.NullPointerException
	at scala.tools.nsc.typechecker.Typers$Typer.validateParentClasses(Typers.scala:1763)
	at scala.tools.nsc.typechecker.Typers$Typer.typedTemplate1(Typers.scala:1963)
	at scala.tools.nsc.typechecker.Typers$Typer.typedTemplate(Typers.scala:1929)
	at scala.tools.nsc.typechecker.Typers$Typer.typedClassDef(Typers.scala:1797)
	at scala.tools.nsc.typechecker.Typers$Typer.typed1(Typers.scala:5309)
	at scala.tools.nsc.typechecker.Typers$Typer.typed(Typers.scala:5362)
	at scala.tools.nsc.interpreter.ReplGlobal$$anon$1$$anon$2.typed(ReplGlobal.scala:28)
	at scala.tools.nsc.typechecker.Typers$Typer.scala$tools$nsc$typechecker$Typers$Typer$$typedStat$1(Typers.scala:2883)
	at scala.tools.nsc.typechecker.Typers$Typer$$anonfun$61.apply(Typers.scala:2987)
	at scala.tools.nsc.typechecker.Typers$Typer$$anonfun$61.apply(Typers.scala:2987)
	at scala.collection.immutable.List.loop$1(List.scala:170)
	at scala.collection.immutable.List.mapConserve(List.scala:186)
	at scala.tools.nsc.typechecker.Typers$Typer.typedStats(Typers.scala:2987)
	at scala.tools.nsc.typechecker.Typers$Typer.typedTemplate1(Typers.scala:1991)
	at scala.tools.nsc.typechecker.Typers$Typer.typedTemplate(Typers.scala:1929)
	at scala.tools.nsc.typechecker.Typers$Typer.typedModuleDef(Typers.scala:1849)
	at scala.tools.nsc.typechecker.Typers$Typer.typed1(Typers.scala:5310)
	at scala.tools.nsc.typechecker.Typers$Typer.typed(Typers.scala:5362)
	at scala.tools.nsc.interpreter.ReplGlobal$$anon$1$$anon$2.typed(ReplGlobal.scala:28)
	at scala.tools.nsc.typechecker.Typers$Typer.scala$tools$nsc$typechecker$Typers$Typer$$typedStat$1(Typers.scala:2883)
	at scala.tools.nsc.typechecker.Typers$Typer$$anonfun$61.apply(Typers.scala:2987)
	at scala.tools.nsc.typechecker.Typers$Typer$$anonfun$61.apply(Typers.scala:2987)
	at scala.collection.immutable.List.loop$1(List.scala:170)
	at scala.collection.immutable.List.mapConserve(List.scala:186)
	at scala.tools.nsc.typechecker.Typers$Typer.typedStats(Typers.scala:2987)
	at scala.tools.nsc.typechecker.Typers$Typer.typedTemplate1(Typers.scala:1991)
	at scala.tools.nsc.typechecker.Typers$Typer.typedTemplate(Typers.scala:1929)
	at scala.tools.nsc.typechecker.Typers$Typer.typedModuleDef(Typers.scala:1849)
	at scala.tools.nsc.typechecker.Typers$Typer.typed1(Typers.scala:5310)
	at scala.tools.nsc.typechecker.Typers$Typer.typed(Typers.scala:5362)
	at scala.tools.nsc.interpreter.ReplGlobal$$anon$1$$anon$2.typed(ReplGlobal.scala:28)
	at scala.tools.nsc.typechecker.Typers$Typer.scala$tools$nsc$typechecker$Typers$Typer$$typedStat$1(Typers.scala:2883)
	at scala.tools.nsc.typechecker.Typers$Typer$$anonfun$61.apply(Typers.scala:2987)
	at scala.tools.nsc.typechecker.Typers$Typer$$anonfun$61.apply(Typers.scala:2987)
	at scala.collection.immutable.List.loop$1(List.scala:170)
	at scala.collection.immutable.List.mapConserve(List.scala:186)
	at scala.tools.nsc.typechecker.Typers$Typer.typedStats(Typers.scala:2987)
	at scala.tools.nsc.typechecker.Typers$Typer.typedTemplate1(Typers.scala:1991)
	at scala.tools.nsc.typechecker.Typers$Typer.typedTemplate(Typers.scala:1929)
	at scala.tools.nsc.typechecker.Typers$Typer.typedModuleDef(Typers.scala:1849)
	at scala.tools.nsc.typechecker.Typers$Typer.typed1(Typers.scala:5310)
	at scala.tools.nsc.typechecker.Typers$Typer.typed(Typers.scala:5362)
	at scala.tools.nsc.interpreter.ReplGlobal$$anon$1$$anon$2.typed(ReplGlobal.scala:28)
	at scala.tools.nsc.typechecker.Typers$Typer.scala$tools$nsc$typechecker$Typers$Typer$$typedStat$1(Typers.scala:2883)
	at scala.tools.nsc.typechecker.Typers$Typer$$anonfun$61.apply(Typers.scala:2987)
	at scala.tools.nsc.typechecker.Typers$Typer$$anonfun$61.apply(Typers.scala:2987)
	at scala.collection.immutable.List.loop$1(List.scala:170)
	at scala.collection.immutable.List.mapConserve(List.scala:186)
	at scala.tools.nsc.typechecker.Typers$Typer.typedStats(Typers.scala:2987)
	at scala.tools.nsc.typechecker.Typers$Typer.typedTemplate1(Typers.scala:1991)
	at scala.tools.nsc.typechecker.Typers$Typer.typedTemplate(Typers.scala:1929)
	at scala.tools.nsc.typechecker.Typers$Typer.typedModuleDef(Typers.scala:1849)
	at scala.tools.nsc.typechecker.Typers$Typer.typed1(Typers.scala:5310)
	at scala.tools.nsc.typechecker.Typers$Typer.typed(Typers.scala:5362)
	at scala.tools.nsc.interpreter.ReplGlobal$$anon$1$$anon$2.typed(ReplGlobal.scala:28)
	at scala.tools.nsc.typechecker.Typers$Typer.scala$tools$nsc$typechecker$Typers$Typer$$typedStat$1(Typers.scala:2883)
	at scala.tools.nsc.typechecker.Typers$Typer$$anonfun$61.apply(Typers.scala:2987)
	at scala.tools.nsc.typechecker.Typers$Typer$$anonfun$61.apply(Typers.scala:2987)
	at scala.collection.immutable.List.loop$1(List.scala:170)
	at scala.collection.immutable.List.mapConserve(List.scala:186)
	at scala.tools.nsc.typechecker.Typers$Typer.typedStats(Typers.scala:2987)
	at scala.tools.nsc.typechecker.Typers$Typer.typedTemplate1(Typers.scala:1991)
	at scala.tools.nsc.typechecker.Typers$Typer.typedTemplate(Typers.scala:1929)
	at scala.tools.nsc.typechecker.Typers$Typer.typedModuleDef(Typers.scala:1849)
	at scala.tools.nsc.typechecker.Typers$Typer.typed1(Typers.scala:5310)
	at scala.tools.nsc.typechecker.Typers$Typer.typed(Typers.scala:5362)
	at scala.tools.nsc.interpreter.ReplGlobal$$anon$1$$anon$2.typed(ReplGlobal.scala:28)
	at scala.tools.nsc.typechecker.Typers$Typer.scala$tools$nsc$typechecker$Typers$Typer$$typedStat$1(Typers.scala:2883)
	at scala.tools.nsc.typechecker.Typers$Typer$$anonfun$61.apply(Typers.scala:2987)
	at scala.tools.nsc.typechecker.Typers$Typer$$anonfun$61.apply(Typers.scala:2987)
	at scala.collection.immutable.List.loop$1(List.scala:170)
	at scala.collection.immutable.List.mapConserve(List.scala:186)
	at scala.tools.nsc.typechecker.Typers$Typer.typedStats(Typers.scala:2987)
	at scala.tools.nsc.typechecker.Typers$Typer.typedPackageDef$1(Typers.scala:5046)
	at scala.tools.nsc.typechecker.Typers$Typer.typed1(Typers.scala:5313)
	at scala.tools.nsc.typechecker.Typers$Typer.typed(Typers.scala:5362)
	at scala.tools.nsc.interpreter.ReplGlobal$$anon$1$$anon$2.typed(ReplGlobal.scala:28)
	at scala.tools.nsc.typechecker.Typers$Typer.typed(Typers.scala:5421)
	at scala.tools.nsc.typechecker.Analyzer$typerFactory$$anon$3.apply(Analyzer.scala:99)
	at scala.tools.nsc.Global$GlobalPhase.applyPhase(Global.scala:412)
	at scala.tools.nsc.typechecker.Analyzer$typerFactory$$anon$3$$anonfun$run$1.apply(Analyzer.scala:91)
	at scala.tools.nsc.typechecker.Analyzer$typerFactory$$anon$3$$anonfun$run$1.apply(Analyzer.scala:90)
	at scala.collection.Iterator$class.foreach(Iterator.scala:725)
	at scala.collection.AbstractIterator.foreach(Iterator.scala:1156)
	at scala.tools.nsc.typechecker.Analyzer$typerFactory$$anon$3.run(Analyzer.scala:90)
	at scala.tools.nsc.Global$Run.compileUnitsInternal(Global.scala:1507)
	at scala.tools.nsc.Global$Run.compileUnits(Global.scala:1482)
	at scala.tools.nsc.Global$Run.compileSources(Global.scala:1478)
	at scala.tools.nsc.interpreter.IMain.compileSourcesKeepingRun(IMain.scala:410)
	at scala.tools.nsc.interpreter.IMain$ReadEvalPrint.compileAndSaveRun(IMain.scala:748)
	at scala.tools.nsc.interpreter.IMain$ReadEvalPrint.compile(IMain.scala:708)
	at scala.tools.nsc.interpreter.IMain$Request.compile$lzycompute(IMain.scala:852)
	at scala.tools.nsc.interpreter.IMain$Request.compile(IMain.scala:847)
	at scala.tools.nsc.interpreter.IMain.interpret(IMain.scala:573)
	at scala.tools.nsc.interpreter.IMain.interpret(IMain.scala:538)
	at scala.tools.nsc.interpreter.ILoop.reallyInterpret$1(ILoop.scala:567)
	at scala.tools.nsc.interpreter.ILoop.interpretStartingWith(ILoop.scala:612)
	at scala.tools.nsc.interpreter.ILoop.command(ILoop.scala:524)
	at scala.tools.nsc.interpreter.ILoop.processLine(ILoop.scala:380)
	at scala.tools.nsc.interpreter.ILoop.loop(ILoop.scala:397)
	at scala.tools.nsc.interpreter.ILoop$$anonfun$process$1.apply$mcZ$sp(ILoop.scala:680)
	at scala.tools.nsc.interpreter.ILoop$$anonfun$process$1.apply(ILoop.scala:666)
	at scala.tools.nsc.interpreter.ILoop$$anonfun$process$1.apply(ILoop.scala:666)
	at scala.tools.nsc.util.ScalaClassLoader$.savingContextLoader(ScalaClassLoader.scala:95)
	at scala.tools.nsc.interpreter.ILoop.process(ILoop.scala:666)
	at scala.tools.nsc.interpreter.ILoop.main(ILoop.scala:688)
	at xsbt.ConsoleInterface.run(ConsoleInterface.scala:57)
	at sun.reflect.NativeMethodAccessorImpl.invoke0(Native Method)
	at sun.reflect.NativeMethodAccessorImpl.invoke(NativeMethodAccessorImpl.java:57)
	at sun.reflect.DelegatingMethodAccessorImpl.invoke(DelegatingMethodAccessorImpl.java:43)
	at java.lang.reflect.Method.invoke(Method.java:601)
	at sbt.compiler.AnalyzingCompiler.call(AnalyzingCompiler.scala:73)
	at sbt.compiler.AnalyzingCompiler.console(AnalyzingCompiler.scala:64)
	at sbt.Console.console0$1(Console.scala:23)
	at sbt.Console$$anonfun$apply$2$$anonfun$apply$1.apply$mcV$sp(Console.scala:24)
	at sbt.TrapExit$.executeMain$1(TrapExit.scala:33)
	at sbt.TrapExit$$anon$1.run(TrapExit.scala:42)

That entry seems to have slain the compiler.  Shall I replay
your session? I can re-run each line except the last one.
[y/n]
Abandoning crashed session.

scala> 
```
