are you feeding the .java source file to the scala compiler? then it's a duplicate of SI-2764. otherwise, i can't reproduce your problem, i.e.

{code}
rytz@lamppc12:~/scala/trunk/sandbox$$ cat Ann.java 
public @interface Ann {
    int id();
}

rytz@lamppc12:~/scala/trunk/sandbox$$ cat Const.java 
public class Const {
    static final byte HOTROD_CACHE_KEY = 57;
}

rytz@lamppc12:~/scala/trunk/sandbox$$ cat t3236.scala 
@Ann(id = Const.HOTROD_CACHE_KEY)
class Test

rytz@lamppc12:~/scala/trunk/sandbox$$ javac *.java

rytz@lamppc12:~/scala/trunk/sandbox$$ ../build/pack/bin/scalac t3236.scala 
{code}

i get no error.
