(In r22685) close scala/bug#3667. all companion objects are now serializable. note that you can reproduce the error without default arguments:

scala> def ser(o: AnyRef) = new java.io.ObjectOutputStream(new java.io.ByteArrayOutputStream()).writeObject(o)
ser: (o: AnyRef)Unit

scala> @serializable class Outer {
     |   case class Inner(x: Int)
     | }
defined class Outer

scala> val o = new Outer
o: Outer = Outer@34469729

scala> ser(new o.Inner(1))

scala> o.Inner // initialize the Inner$$module field of o
res1: o.Inner.type = Inner

scala> ser(new o.Inner(1))
java.io.NotSerializableException: Outer$$Inner$$

review by extempore.
