Experiencing same behavior 
OS: Ubuntu 11.04(natty)
Kernel Linux 2.6.38-8-generic

$ java -version
java version "1.6.0_24"
Java(TM) SE Runtime Environment (build 1.6.0_24-b07)
Java HotSpot(TM) 64-Bit Server VM (build 19.1-b02, mixed mode)

$ scala -version
Scala code runner version 2.9.0.1 -- Copyright 2002-2011, LAMP/EPFL

$ echo $JAVA_HOME
/usr/lib/jvm/java-6-sun
$ echo $SCALA_HOME
/home/daedra/scala
$ echo $PATH
/usr/local/sbin:/usr/local/bin:/usr/sbin:/usr/bin:/sbin:/bin:/usr/games:/usr/lib/jvm/java-6-sun/bin/:/home/daedra/scala-2.9.0.1/bin:/home/daedra/scala/bin


starting fsc compile daemon spawns infinite number of CompileServer processes,
while fsc cannot connect to them

daedra@daedra-nb-ubuntu:~/work/test/scala2/src$ fsc -verbose
Fast Scala compiler version 2.9.0.1 -- Copyright 2002-2011, LAMP/EPFL
[Given arguments: -verbose]
[Transformed arguments: -verbose -current-dir /home/daedra/work/test/scala2/src]
[VM arguments: ]
[Temp directory: /tmp/scala-devel/daedra]
[Port number: 43615]
java.net.ConnectException: Connection refused
[Connecting to compilation daemon at port 43615 failed; re-trying...]
No compile server running: starting one with args ''
[Executing command: /home/daedra/scala-2.9.0.1/bin/scala scala.tools.nsc.CompileServer -v]
Starting CompileServer on port 32774
Redirect dir is /tmp/scala-devel/daedra/output-redirects
[Port number: 32774]
java.net.ConnectException: Connection refused
[Connecting to compilation daemon at port 32774 failed; re-trying...]
etc...


But, if we start server manually using command 

$ scala scala.tools.nsc.CompileServer -v

server starts normally (giving us it's port)

and fsc is able to connect it with "-server" option provided

but it's very inconvenient to pass -server option and start server manually all the time

