{code}
[adriaan@lampmac13 scala (topic/virtpatmat)]$ qsc -version
Scala compiler version v2.10.0-M1-0177-g39dd0f7924-2012-02-14 -- Copyright 2002-2011, LAMP/EPFL
{code}

{code}
[adriaan@lampmac13 scala (topic/virtpatmat)]$ qsc -optimize /Users/adriaan/Downloads/TestCls.scala 
[adriaan@lampmac13 scala (topic/virtpatmat)]$ qs TestClass
Foo
Foo
java.lang.ClassNotFoundException: sdf
	at java.net.URLClassLoader$1.run(URLClassLoader.java:202)
	at java.security.AccessController.doPrivileged(Native Method)
	at java.net.URLClassLoader.findClass(URLClassLoader.java:190)
	at scala.tools.nsc.util.ScalaClassLoader$URLClassLoader.scala$tools$nsc$util$ScalaClassLoader$$super$findClass(ScalaClassLoader.scala:159)
	at scala.tools.nsc.util.ScalaClassLoader$class.findClass(ScalaClassLoader.scala:57)
	at scala.tools.nsc.util.ScalaClassLoader$URLClassLoader.findClass(ScalaClassLoader.scala:159)
	at java.lang.ClassLoader.loadClass(ClassLoader.java:306)
	at scala.tools.nsc.util.ScalaClassLoader$URLClassLoader.scala$tools$nsc$util$ScalaClassLoader$$super$loadClass(ScalaClassLoader.scala:159)
	at scala.tools.nsc.util.ScalaClassLoader$class.loadClass(ScalaClassLoader.scala:63)
	at scala.tools.nsc.util.ScalaClassLoader$URLClassLoader.loadClass(ScalaClassLoader.scala:159)
	at java.lang.ClassLoader.loadClass(ClassLoader.java:247)
	at java.lang.Class.forName0(Native Method)
	at java.lang.Class.forName(Class.java:169)
	at TestClass$.main(TestCls.scala:16)
	at TestClass.main(TestCls.scala)
	at sun.reflect.NativeMethodAccessorImpl.invoke0(Native Method)
	at sun.reflect.NativeMethodAccessorImpl.invoke(NativeMethodAccessorImpl.java:39)
	at sun.reflect.DelegatingMethodAccessorImpl.invoke(DelegatingMethodAccessorImpl.java:25)
	at java.lang.reflect.Method.invoke(Method.java:597)
	at scala.tools.nsc.util.ScalaClassLoader$$anonfun$run$1.apply(ScalaClassLoader.scala:90)
	at scala.tools.nsc.util.ScalaClassLoader$class.asContext(ScalaClassLoader.scala:38)
	at scala.tools.nsc.util.ScalaClassLoader$URLClassLoader.asContext(ScalaClassLoader.scala:159)
	at scala.tools.nsc.util.ScalaClassLoader$class.run(ScalaClassLoader.scala:90)
	at scala.tools.nsc.util.ScalaClassLoader$URLClassLoader.run(ScalaClassLoader.scala:159)
	at scala.tools.nsc.CommonRunner$class.run(ObjectRunner.scala:28)
	at scala.tools.nsc.ObjectRunner$.run(ObjectRunner.scala:45)
	at scala.tools.nsc.CommonRunner$class.runAndCatch(ObjectRunner.scala:35)
	at scala.tools.nsc.ObjectRunner$.runAndCatch(ObjectRunner.scala:45)
	at scala.tools.nsc.MainGenericRunner.runTarget$1(MainGenericRunner.scala:70)
	at scala.tools.nsc.MainGenericRunner.process(MainGenericRunner.scala:92)
	at scala.tools.nsc.MainGenericRunner$.main(MainGenericRunner.scala:101)
	at scala.tools.nsc.MainGenericRunner.main(MainGenericRunner.scala)
{code}

cleaning class files just in case, then without optimize -- different exception
{code}
[adriaan@lampmac13 scala (topic/virtpatmat)]$ rm /tmp/*.class
[adriaan@lampmac13 scala (topic/virtpatmat)]$ qs TestClass
No such file or class on classpath: TestClass

[adriaan@lampmac13 scala (topic/virtpatmat)]$ qsc /Users/adriaan/Downloads/TestCls.scala 
[adriaan@lampmac13 scala (topic/virtpatmat)]$ qs TestClass
java.lang.ClassNotFoundException: Foo
	at java.lang.Class.forName0(Native Method)
	at java.lang.Class.forName(Class.java:169)
	at scala.compat.Platform$.getClassForName(Platform.scala:104)
	at TestClass$.main(TestCls.scala:7)
	at TestClass.main(TestCls.scala)
	at sun.reflect.NativeMethodAccessorImpl.invoke0(Native Method)
	at sun.reflect.NativeMethodAccessorImpl.invoke(NativeMethodAccessorImpl.java:39)
	at sun.reflect.DelegatingMethodAccessorImpl.invoke(DelegatingMethodAccessorImpl.java:25)
	at java.lang.reflect.Method.invoke(Method.java:597)
	at scala.tools.nsc.util.ScalaClassLoader$$anonfun$run$1.apply(ScalaClassLoader.scala:90)
	at scala.tools.nsc.util.ScalaClassLoader$class.asContext(ScalaClassLoader.scala:38)
	at scala.tools.nsc.util.ScalaClassLoader$URLClassLoader.asContext(ScalaClassLoader.scala:159)
	at scala.tools.nsc.util.ScalaClassLoader$class.run(ScalaClassLoader.scala:90)
	at scala.tools.nsc.util.ScalaClassLoader$URLClassLoader.run(ScalaClassLoader.scala:159)
	at scala.tools.nsc.CommonRunner$class.run(ObjectRunner.scala:28)
	at scala.tools.nsc.ObjectRunner$.run(ObjectRunner.scala:45)
	at scala.tools.nsc.CommonRunner$class.runAndCatch(ObjectRunner.scala:35)
	at scala.tools.nsc.ObjectRunner$.runAndCatch(ObjectRunner.scala:45)
	at scala.tools.nsc.MainGenericRunner.runTarget$1(MainGenericRunner.scala:70)
	at scala.tools.nsc.MainGenericRunner.process(MainGenericRunner.scala:92)
	at scala.tools.nsc.MainGenericRunner$.main(MainGenericRunner.scala:101)
	at scala.tools.nsc.MainGenericRunner.main(MainGenericRunner.scala)
Foo
java.lang.ClassNotFoundException: sdf
	at java.net.URLClassLoader$1.run(URLClassLoader.java:202)
	at java.security.AccessController.doPrivileged(Native Method)
	at java.net.URLClassLoader.findClass(URLClassLoader.java:190)
	at scala.tools.nsc.util.ScalaClassLoader$URLClassLoader.scala$tools$nsc$util$ScalaClassLoader$$super$findClass(ScalaClassLoader.scala:159)
	at scala.tools.nsc.util.ScalaClassLoader$class.findClass(ScalaClassLoader.scala:57)
	at scala.tools.nsc.util.ScalaClassLoader$URLClassLoader.findClass(ScalaClassLoader.scala:159)
	at java.lang.ClassLoader.loadClass(ClassLoader.java:306)
	at scala.tools.nsc.util.ScalaClassLoader$URLClassLoader.scala$tools$nsc$util$ScalaClassLoader$$super$loadClass(ScalaClassLoader.scala:159)
	at scala.tools.nsc.util.ScalaClassLoader$class.loadClass(ScalaClassLoader.scala:63)
	at scala.tools.nsc.util.ScalaClassLoader$URLClassLoader.loadClass(ScalaClassLoader.scala:159)
	at java.lang.ClassLoader.loadClass(ClassLoader.java:247)
	at java.lang.Class.forName0(Native Method)
	at java.lang.Class.forName(Class.java:169)
	at TestClass$.main(TestCls.scala:16)
	at TestClass.main(TestCls.scala)
	at sun.reflect.NativeMethodAccessorImpl.invoke0(Native Method)
	at sun.reflect.NativeMethodAccessorImpl.invoke(NativeMethodAccessorImpl.java:39)
	at sun.reflect.DelegatingMethodAccessorImpl.invoke(DelegatingMethodAccessorImpl.java:25)
	at java.lang.reflect.Method.invoke(Method.java:597)
	at scala.tools.nsc.util.ScalaClassLoader$$anonfun$run$1.apply(ScalaClassLoader.scala:90)
	at scala.tools.nsc.util.ScalaClassLoader$class.asContext(ScalaClassLoader.scala:38)
	at scala.tools.nsc.util.ScalaClassLoader$URLClassLoader.asContext(ScalaClassLoader.scala:159)
	at scala.tools.nsc.util.ScalaClassLoader$class.run(ScalaClassLoader.scala:90)
	at scala.tools.nsc.util.ScalaClassLoader$URLClassLoader.run(ScalaClassLoader.scala:159)
	at scala.tools.nsc.CommonRunner$class.run(ObjectRunner.scala:28)
	at scala.tools.nsc.ObjectRunner$.run(ObjectRunner.scala:45)
	at scala.tools.nsc.CommonRunner$class.runAndCatch(ObjectRunner.scala:35)
	at scala.tools.nsc.ObjectRunner$.runAndCatch(ObjectRunner.scala:45)
	at scala.tools.nsc.MainGenericRunner.runTarget$1(MainGenericRunner.scala:70)
	at scala.tools.nsc.MainGenericRunner.process(MainGenericRunner.scala:92)
	at scala.tools.nsc.MainGenericRunner$.main(MainGenericRunner.scala:101)
	at scala.tools.nsc.MainGenericRunner.main(MainGenericRunner.scala)
{code}
