should {{$yield}} and {{$extends}} not be allowed? Consider
{code}
scala> val `yield` = 1
yield: Int = 1

scala> val `extends` = 2
extends: Int = 2

scala> s"$yield / $extends"
res23: String = 1 / 2
{code}

Or do you expect that one should have to write
{code}
scala> s"$`yield`"
<console>:1: error: invalid string interpolation
       s"$`yield`"
{code}
(which currently issues an error message), as in
{code}
scala> s"${`yield` + `extends`}"
res24: String = 3
{code}
?
