Here's a minimization. Demonstrated in 2.8.1; this isn't a regression.

{code}
 ~/code/scala scala28
Welcome to Scala version 2.8.1.final (Java HotSpot(TM) 64-Bit Server VM, Java 1.6.0_27).
Type in expressions to have them evaluated.
Type :help for more information.

scala> object S { def #::(a: Any): Any = () }              
defined module S

scala> trait T; class WL(a: Any); new WL(new {} #:: S) with T 
java.lang.VerifyError: (class: $anon$1, method: <init> signature: ()V) Expecting to find object/array on stack
	at .<init>(<console>:8)

scala> trait T; class WL(a: Any); new WL(S.#::(new {})) with T
defined trait T
defined class WL

scala> class WL(a: Any); new WL(new {} #:: S)           
defined class WL

scala> trait T; class WL(a: Any); object X extends WL(new {} #:: S) with T; X     
defined trait T
defined class WL
defined module X
{code}
